[    0.000000] Linux version 4.15.0-143-generic (buildd@lcy01-amd64-001) (gcc version 7.5.0 (Ubuntu 7.5.0-3ubuntu1~18.04)) #147-Ubuntu SMP Wed Apr 14 16:10:11 UTC 2021 (Ubuntu 4.15.0-143.147-generic 4.15.18)
[    0.000000] Command line: BOOT_IMAGE=/boot/vmlinuz-4.15.0-143-generic root=LABEL=cloudimg-rootfs ro console=tty1 console=ttyS0
[    0.000000] KERNEL supported cpus:
[    0.000000]   Intel GenuineIntel
[    0.000000]   AMD AuthenticAMD
[    0.000000]   Centaur CentaurHauls
[    0.000000] x86/fpu: Supporting XSAVE feature 0x001: 'x87 floating point registers'
[    0.000000] x86/fpu: Supporting XSAVE feature 0x002: 'SSE registers'
[    0.000000] x86/fpu: Supporting XSAVE feature 0x004: 'AVX registers'
[    0.000000] x86/fpu: xstate_offset[2]:  576, xstate_sizes[2]:  256
[    0.000000] x86/fpu: Enabled xstate features 0x7, context size is 832 bytes, using 'standard' format.
[    0.000000] e820: BIOS-provided physical RAM map:
[    0.000000] BIOS-e820: [mem 0x0000000000000000-0x000000000009fbff] usable
[    0.000000] BIOS-e820: [mem 0x000000000009fc00-0x000000000009ffff] reserved
[    0.000000] BIOS-e820: [mem 0x00000000000f0000-0x00000000000fffff] reserved
[    0.000000] BIOS-e820: [mem 0x0000000000100000-0x000000003ffeffff] usable
[    0.000000] BIOS-e820: [mem 0x000000003fff0000-0x000000003fffffff] ACPI data
[    0.000000] BIOS-e820: [mem 0x00000000fec00000-0x00000000fec00fff] reserved
[    0.000000] BIOS-e820: [mem 0x00000000fee00000-0x00000000fee00fff] reserved
[    0.000000] BIOS-e820: [mem 0x00000000fffc0000-0x00000000ffffffff] reserved
[    0.000000] NX (Execute Disable) protection: active
[    0.000000] SMBIOS 2.5 present.
[    0.000000] DMI: innotek GmbH VirtualBox/VirtualBox, BIOS VirtualBox 12/01/2006
[    0.000000] Hypervisor detected: KVM
[    0.000000] e820: last_pfn = 0x3fff0 max_arch_pfn = 0x400000000
[    0.000000] MTRR: Disabled
[    0.000000] x86/PAT: MTRRs disabled, skipping PAT initialization too.
[    0.000000] CPU MTRRs all blank - virtualized system.
[    0.000000] x86/PAT: Configuration [0-7]: WB  WT  UC- UC  WB  WT  UC- UC  
[    0.000000] found SMP MP-table at [mem 0x0009fff0-0x0009ffff]
[    0.000000] Scanning 1 areas for low memory corruption
[    0.000000] RAMDISK: [mem 0x359d1000-0x36cdffff]
[    0.000000] ACPI: Early table checksum verification disabled
[    0.000000] ACPI: RSDP 0x00000000000E0000 000024 (v02 VBOX  )
[    0.000000] ACPI: XSDT 0x000000003FFF0030 00003C (v01 VBOX   VBOXXSDT 00000001 ASL  00000061)
[    0.000000] ACPI: FACP 0x000000003FFF00F0 0000F4 (v04 VBOX   VBOXFACP 00000001 ASL  00000061)
[    0.000000] ACPI: DSDT 0x000000003FFF0470 002325 (v02 VBOX   VBOXBIOS 00000002 INTL 20100528)
[    0.000000] ACPI: FACS 0x000000003FFF0200 000040
[    0.000000] ACPI: FACS 0x000000003FFF0200 000040
[    0.000000] ACPI: APIC 0x000000003FFF0240 00005C (v02 VBOX   VBOXAPIC 00000001 ASL  00000061)
[    0.000000] ACPI: SSDT 0x000000003FFF02A0 0001CC (v01 VBOX   VBOXCPUT 00000002 INTL 20100528)
[    0.000000] No NUMA configuration found
[    0.000000] Faking a node at [mem 0x0000000000000000-0x000000003ffeffff]
[    0.000000] NODE_DATA(0) allocated [mem 0x3ffc5000-0x3ffeffff]
[    0.000000] kvm-clock: cpu 0, msr 0:3ff44001, primary cpu clock
[    0.000000] kvm-clock: Using msrs 4b564d01 and 4b564d00
[    0.000000] kvm-clock: using sched offset of 5610046363 cycles
[    0.000000] clocksource: kvm-clock: mask: 0xffffffffffffffff max_cycles: 0x1cd42e4dffb, max_idle_ns: 881590591483 ns
[    0.000000] Zone ranges:
[    0.000000]   DMA      [mem 0x0000000000001000-0x0000000000ffffff]
[    0.000000]   DMA32    [mem 0x0000000001000000-0x000000003ffeffff]
[    0.000000]   Normal   empty
[    0.000000]   Device   empty
[    0.000000] Movable zone start for each node
[    0.000000] Early memory node ranges
[    0.000000]   node   0: [mem 0x0000000000001000-0x000000000009efff]
[    0.000000]   node   0: [mem 0x0000000000100000-0x000000003ffeffff]
[    0.000000] Reserved but unavailable: 98 pages
[    0.000000] Initmem setup node 0 [mem 0x0000000000001000-0x000000003ffeffff]
[    0.000000] ACPI: PM-Timer IO Port: 0x4008
[    0.000000] IOAPIC[0]: apic_id 2, version 32, address 0xfec00000, GSI 0-23
[    0.000000] ACPI: INT_SRC_OVR (bus 0 bus_irq 0 global_irq 2 dfl dfl)
[    0.000000] ACPI: INT_SRC_OVR (bus 0 bus_irq 9 global_irq 9 low level)
[    0.000000] Using ACPI (MADT) for SMP configuration information
[    0.000000] smpboot: Allowing 2 CPUs, 0 hotplug CPUs
[    0.000000] PM: Registered nosave memory: [mem 0x00000000-0x00000fff]
[    0.000000] PM: Registered nosave memory: [mem 0x0009f000-0x0009ffff]
[    0.000000] PM: Registered nosave memory: [mem 0x000a0000-0x000effff]
[    0.000000] PM: Registered nosave memory: [mem 0x000f0000-0x000fffff]
[    0.000000] e820: [mem 0x40000000-0xfebfffff] available for PCI devices
[    0.000000] Booting paravirtualized kernel on KVM
[    0.000000] clocksource: refined-jiffies: mask: 0xffffffff max_cycles: 0xffffffff, max_idle_ns: 7645519600211568 ns
[    0.000000] random: get_random_bytes called from start_kernel+0x99/0x500 with crng_init=0
[    0.000000] setup_percpu: NR_CPUS:8192 nr_cpumask_bits:2 nr_cpu_ids:2 nr_node_ids:1
[    0.000000] percpu: Embedded 45 pages/cpu s147456 r8192 d28672 u1048576
[    0.000000] PV qspinlock hash table entries: 256 (order: 0, 4096 bytes)
[    0.000000] Built 1 zonelists, mobility grouping on.  Total pages: 257913
[    0.000000] Policy zone: DMA32
[    0.000000] Kernel command line: BOOT_IMAGE=/boot/vmlinuz-4.15.0-143-generic root=LABEL=cloudimg-rootfs ro console=tty1 console=ttyS0
[    0.000000] Memory: 982724K/1048120K available (12300K kernel code, 2483K rwdata, 4316K rodata, 2444K init, 2724K bss, 65396K reserved, 0K cma-reserved)
[    0.000000] SLUB: HWalign=64, Order=0-3, MinObjects=0, CPUs=2, Nodes=1
[    0.000000] Kernel/User page tables isolation: enabled
[    0.000000] ftrace: allocating 39437 entries in 155 pages
[    0.004000] Hierarchical RCU implementation.
[    0.004000] 	RCU restricting CPUs from NR_CPUS=8192 to nr_cpu_ids=2.
[    0.004000] 	Tasks RCU enabled.
[    0.004000] RCU: Adjusting geometry for rcu_fanout_leaf=16, nr_cpu_ids=2
[    0.004000] NR_IRQS: 524544, nr_irqs: 440, preallocated irqs: 16
[    0.004000] Console: colour VGA+ 80x25
[    0.004000] console [tty1] enabled
[    0.004000] console [ttyS0] enabled
[    0.004000] ACPI: Core revision 20170831
[    0.004000] ACPI: 2 ACPI AML tables successfully acquired and loaded
[    0.004000] APIC: Switch to symmetric I/O mode setup
[    0.004000] x2apic enabled
[    0.004000] Switched APIC routing to physical x2apic.
[    0.004000] ..TIMER: vector=0x30 apic1=0 pin1=2 apic2=-1 pin2=-1
[    0.004005] tsc: Detected 2693.770 MHz processor
[    0.004883] Calibrating delay loop (skipped) preset value.. 5387.54 BogoMIPS (lpj=10775080)
[    0.008003] pid_max: default: 32768 minimum: 301
[    0.008905] Security Framework initialized
[    0.009672] Yama: becoming mindful.
[    0.010362] AppArmor: AppArmor initialized
[    0.012027] Dentry cache hash table entries: 131072 (order: 8, 1048576 bytes)
[    0.016071] Inode-cache hash table entries: 65536 (order: 7, 524288 bytes)
[    0.017738] Mount-cache hash table entries: 2048 (order: 2, 16384 bytes)
[    0.019440] Mountpoint-cache hash table entries: 2048 (order: 2, 16384 bytes)
[    0.020330] Last level iTLB entries: 4KB 1024, 2MB 1024, 4MB 1024
[    0.021658] Last level dTLB entries: 4KB 1024, 2MB 1024, 4MB 1024, 1GB 4
[    0.024004] Spectre V1 : Mitigation: usercopy/swapgs barriers and __user pointer sanitization
[    0.026073] Spectre V2 : Mitigation: Full generic retpoline
[    0.028003] Spectre V2 : Spectre v2 / SpectreRSB mitigation: Filling RSB on context switch
[    0.029743] Speculative Store Bypass: Vulnerable
[    0.030776] SRBDS: Unknown: Dependent on hypervisor status
[    0.031768] MDS: Mitigation: Clear CPU buffers
[    0.032141] Freeing SMP alternatives memory: 36K
[    0.144417] smpboot: CPU0: Intel(R) Core(TM) i7-4600U CPU @ 2.10GHz (family: 0x6, model: 0x45, stepping: 0x1)
[    0.146434] Performance Events: unsupported p6 CPU model 69 no PMU driver, software events only.
[    0.148000] Hierarchical SRCU implementation.
[    0.148707] NMI watchdog: Perf event create on CPU 0 failed with -2
[    0.150118] NMI watchdog: Perf NMI watchdog permanently disabled
[    0.152064] smp: Bringing up secondary CPUs ...
[    0.153414] x86: Booting SMP configuration:
[    0.154483] .... node  #0, CPUs:      #1
[    0.004000] kvm-clock: cpu 1, msr 0:3ff44041, secondary cpu clock
[    0.159349] smp: Brought up 1 node, 2 CPUs
[    0.160006] smpboot: Max logical packages: 1
[    0.161195] smpboot: Total of 2 processors activated (10775.08 BogoMIPS)
[    0.162422] devtmpfs: initialized
[    0.162422] x86/mm: Memory block size: 128MB
[    0.164138] evm: security.selinux
[    0.164853] evm: security.SMACK64
[    0.165531] evm: security.SMACK64EXEC
[    0.166261] evm: security.SMACK64TRANSMUTE
[    0.167079] evm: security.SMACK64MMAP
[    0.168003] evm: security.apparmor
[    0.168814] evm: security.ima
[    0.169467] evm: security.capability
[    0.170233] clocksource: jiffies: mask: 0xffffffff max_cycles: 0xffffffff, max_idle_ns: 7645041785100000 ns
[    0.172023] futex hash table entries: 512 (order: 3, 32768 bytes)
[    0.176000] pinctrl core: initialized pinctrl subsystem
[    0.176102] RTC time:  4:47:37, date: 05/16/21
[    0.180063] NET: Registered protocol family 16
[    0.180935] audit: initializing netlink subsys (disabled)
[    0.181920] audit: type=2000 audit(1621140465.057:1): state=initialized audit_enabled=0 res=1
[    0.184015] cpuidle: using governor ladder
[    0.184857] cpuidle: using governor menu
[    0.185779] ACPI: bus type PCI registered
[    0.186822] acpiphp: ACPI Hot Plug PCI Controller Driver version: 0.5
[    0.188132] PCI: Using configuration type 1 for base access
[    0.189704] HugeTLB registered 2.00 MiB page size, pre-allocated 0 pages
[    0.192100] ACPI: Added _OSI(Module Device)
[    0.193006] ACPI: Added _OSI(Processor Device)
[    0.193950] ACPI: Added _OSI(3.0 _SCP Extensions)
[    0.196006] ACPI: Added _OSI(Processor Aggregator Device)
[    0.197136] ACPI: Added _OSI(Linux-Dell-Video)
[    0.198102] ACPI: Added _OSI(Linux-Lenovo-NV-HDMI-Audio)
[    0.199308] ACPI: Added _OSI(Linux-HPI-Hybrid-Graphics)
[    0.200359] ACPI: Executed 1 blocks of module-level executable AML code
[    0.208201] ACPI: Interpreter enabled
[    0.209220] ACPI: (supports S0 S5)
[    0.210013] ACPI: Using IOAPIC for interrupt routing
[    0.211324] PCI: Using host bridge windows from ACPI; if necessary, use "pci=nocrs" and report a bug
[    0.212291] ACPI: Enabled 2 GPEs in block 00 to 07
[    0.221452] ACPI: PCI Root Bridge [PCI0] (domain 0000 [bus 00-ff])
[    0.222672] acpi PNP0A03:00: _OSC: OS supports [ASPM ClockPM Segments MSI]
[    0.224276] acpi PNP0A03:00: _OSC: not requesting OS control; OS requires [ExtendedConfig ASPM ClockPM MSI]
[    0.226508] acpi PNP0A03:00: fail to add MMCONFIG information, can't access extended PCI configuration space under this bridge.
[    0.228485] PCI host bridge to bus 0000:00
[    0.229375] pci_bus 0000:00: root bus resource [io  0x0000-0x0cf7 window]
[    0.230743] pci_bus 0000:00: root bus resource [io  0x0d00-0xffff window]
[    0.232006] pci_bus 0000:00: root bus resource [mem 0x000a0000-0x000bffff window]
[    0.233974] pci_bus 0000:00: root bus resource [mem 0x40000000-0xfdffffff window]
[    0.236005] pci_bus 0000:00: root bus resource [bus 00-ff]
[    0.241176] pci 0000:00:01.1: legacy IDE quirk: reg 0x10: [io  0x01f0-0x01f7]
[    0.242642] pci 0000:00:01.1: legacy IDE quirk: reg 0x14: [io  0x03f6]
[    0.244000] pci 0000:00:01.1: legacy IDE quirk: reg 0x18: [io  0x0170-0x0177]
[    0.244004] pci 0000:00:01.1: legacy IDE quirk: reg 0x1c: [io  0x0376]
[    0.267797] pci 0000:00:07.0: quirk: [io  0x4000-0x403f] claimed by PIIX4 ACPI
[    0.268015] pci 0000:00:07.0: quirk: [io  0x4100-0x410f] claimed by PIIX4 SMB
[    0.277419] ACPI: PCI Interrupt Link [LNKA] (IRQs 5 9 10 *11)
[    0.278979] ACPI: PCI Interrupt Link [LNKB] (IRQs 5 9 *10 11)
[    0.280144] ACPI: PCI Interrupt Link [LNKC] (IRQs 5 *9 10 11)
[    0.281470] ACPI: PCI Interrupt Link [LNKD] (IRQs 5 9 10 *11)
[    0.283397] SCSI subsystem initialized
[    0.284060] pci 0000:00:02.0: vgaarb: setting as boot VGA device
[    0.285134] pci 0000:00:02.0: vgaarb: VGA device added: decodes=io+mem,owns=io+mem,locks=none
[    0.286565] pci 0000:00:02.0: vgaarb: bridge control possible
[    0.288013] vgaarb: loaded
[    0.288665] ACPI: bus type USB registered
[    0.289568] usbcore: registered new interface driver usbfs
[    0.290717] usbcore: registered new interface driver hub
[    0.292012] usbcore: registered new device driver usb
[    0.293201] EDAC MC: Ver: 3.0.0
[    0.293201] PCI: Using ACPI for IRQ routing
[    0.296321] NetLabel: Initializing
[    0.297364] NetLabel:  domain hash size = 128
[    0.298338] NetLabel:  protocols = UNLABELED CIPSOv4 CALIPSO
[    0.299597] NetLabel:  unlabeled traffic allowed by default
[    0.300095] clocksource: Switched to clocksource kvm-clock
[    0.322089] VFS: Disk quotas dquot_6.6.0
[    0.323154] VFS: Dquot-cache hash table entries: 512 (order 0, 4096 bytes)
[    0.324831] AppArmor: AppArmor Filesystem Enabled
[    0.325877] pnp: PnP ACPI init
[    0.327539] pnp: PnP ACPI: found 3 devices
[    0.339523] clocksource: acpi_pm: mask: 0xffffff max_cycles: 0xffffff, max_idle_ns: 2085701024 ns
[    0.355028] NET: Registered protocol family 2
[    0.356047] TCP established hash table entries: 8192 (order: 4, 65536 bytes)
[    0.357400] TCP bind hash table entries: 8192 (order: 5, 131072 bytes)
[    0.360004] TCP: Hash tables configured (established 8192 bind 8192)
[    0.363674] UDP hash table entries: 512 (order: 2, 16384 bytes)
[    0.364812] UDP-Lite hash table entries: 512 (order: 2, 16384 bytes)
[    0.366066] NET: Registered protocol family 1
[    0.366964] pci 0000:00:00.0: Limiting direct PCI/PCI transfers
[    0.368142] pci 0000:00:01.0: Activating ISA DMA hang workarounds
[    0.369390] pci 0000:00:02.0: Video device with shadowed ROM at [mem 0x000c0000-0x000dffff]
[    0.371149] Unpacking initramfs...
[    0.748880] Freeing initrd memory: 19516K
[    0.749761] clocksource: tsc: mask: 0xffffffffffffffff max_cycles: 0x26d440df2e9, max_idle_ns: 440795209290 ns
[    0.751655] platform rtc_cmos: registered platform RTC device (no PNP device found)
[    0.754529] Scanning for low memory corruption every 60 seconds
[    0.756758] Initialise system trusted keyrings
[    0.757822] Key type blacklist registered
[    0.759010] workingset: timestamp_bits=36 max_order=18 bucket_order=0
[    0.761168] zbud: loaded
[    0.762193] squashfs: version 4.0 (2009/01/31) Phillip Lougher
[    0.763483] fuse init (API version 7.26)
[    0.768504] Key type asymmetric registered
[    0.769394] Asymmetric key parser 'x509' registered
[    0.770371] Block layer SCSI generic (bsg) driver version 0.4 loaded (major 246)
[    0.771880] io scheduler noop registered
[    0.772893] io scheduler deadline registered
[    0.773736] io scheduler cfq registered (default)
[    0.774951] ACPI: AC Adapter [AC] (off-line)
[    0.775820] input: Power Button as /devices/LNXSYSTM:00/LNXPWRBN:00/input/input0
[    0.777373] ACPI: Power Button [PWRF]
[    0.778144] input: Sleep Button as /devices/LNXSYSTM:00/LNXSLPBN:00/input/input1
[    0.779486] ACPI: Sleep Button [SLPF]
[    0.781276] ACPI: Battery Slot [BAT0] (battery present)
[    0.782384] Serial: 8250/16550 driver, 32 ports, IRQ sharing enabled
[    0.804316] 00:02: ttyS0 at I/O 0x3f8 (irq = 4, base_baud = 115200) is a 16550A
[    0.810088] Linux agpgart interface v0.103
[    0.812767] loop: module loaded
[    0.814036] scsi host0: ata_piix
[    0.814849] scsi host1: ata_piix
[    0.815529] ata1: PATA max UDMA/33 cmd 0x1f0 ctl 0x3f6 bmdma 0xd000 irq 14
[    0.816881] ata2: PATA max UDMA/33 cmd 0x170 ctl 0x376 bmdma 0xd008 irq 15
[    0.818250] libphy: Fixed MDIO Bus: probed
[    0.819050] tun: Universal TUN/TAP device driver, 1.6
[    0.820188] PPP generic driver version 2.4.2
[    0.821159] ehci_hcd: USB 2.0 'Enhanced' Host Controller (EHCI) Driver
[    0.822466] ehci-pci: EHCI PCI platform driver
[    0.823354] ehci-platform: EHCI generic platform driver
[    0.824485] ohci_hcd: USB 1.1 'Open' Host Controller (OHCI) Driver
[    0.825601] ohci-pci: OHCI PCI platform driver
[    0.826443] ohci-platform: OHCI generic platform driver
[    0.827387] uhci_hcd: USB Universal Host Controller Interface driver
[    0.828640] i8042: PNP: PS/2 Controller [PNP0303:PS2K,PNP0f03:PS2M] at 0x60,0x64 irq 1,12
[    0.830552] serio: i8042 KBD port at 0x60,0x64 irq 1
[    0.831487] serio: i8042 AUX port at 0x60,0x64 irq 12
[    0.832686] mousedev: PS/2 mouse device common for all mice
[    0.834638] input: AT Translated Set 2 keyboard as /devices/platform/i8042/serio0/input/input2
[    0.836613] rtc_cmos rtc_cmos: rtc core: registered rtc_cmos as rtc0
[    0.837789] rtc_cmos rtc_cmos: alarms up to one day, 114 bytes nvram
[    0.838927] i2c /dev entries driver
[    0.839658] device-mapper: uevent: version 1.0.3
[    0.840773] device-mapper: ioctl: 4.37.0-ioctl (2017-09-20) initialised: dm-devel@redhat.com
[    0.842407] ledtrig-cpu: registered to indicate activity on CPUs
[    0.844513] NET: Registered protocol family 10
[    0.850126] Segment Routing with IPv6
[    0.850887] NET: Registered protocol family 17
[    0.851880] Key type dns_resolver registered
[    0.852993] mce: Using 0 MCE banks
[    0.853645] RAS: Correctable Errors collector initialized.
[    0.854649] sched_clock: Marking stable (852960396, 0)->(1015808035, -162847639)
[    0.856812] registered taskstats version 1
[    0.857706] Loading compiled-in X.509 certificates
[    0.861785] Loaded X.509 cert 'Build time autogenerated kernel key: de118354fe72448b469776565e76ac30c08e8db2'
[    0.864596] Loaded X.509 cert 'Canonical Ltd. Live Patch Signing: 14df34d1a87cf37625abec039ef2bf521249b969'
[    0.868032] Loaded X.509 cert 'Canonical Ltd. Kernel Module Signing: 88f752e560a1e0737e31163a466ad7b70a850c19'
[    0.870664] zswap: loaded using pool lzo/zbud
[    0.875287] Key type big_key registered
[    0.876308] Key type trusted registered
[    0.879599] Key type encrypted registered
[    0.880536] AppArmor: AppArmor sha1 policy hashing enabled
[    0.881602] ima: No TPM chip found, activating TPM-bypass! (rc=-19)
[    0.882865] ima: Allocated hash algorithm: sha1
[    0.883714] evm: HMAC attrs: 0x1
[    0.884622]   Magic number: 5:852:767
[    0.885470] rtc_cmos rtc_cmos: setting system clock to 2021-05-16 04:47:38 UTC (1621140458)
[    0.887163] BIOS EDD facility v0.16 2004-Jun-25, 0 devices found
[    0.888317] EDD information not available.
[    1.021069] Freeing unused kernel image memory: 2444K
[    1.155603] Write protecting the kernel read-only data: 20480k
[    1.162947] Freeing unused kernel image memory: 2008K
[    1.169208] Freeing unused kernel image memory: 1828K
[    1.197759] x86/mm: Checked W+X mappings: passed, no W+X pages found.
[    1.201193] x86/mm: Checking user space page tables
[    1.215406] x86/mm: Checked W+X mappings: passed, no W+X pages found.
Loading, please wait...
starting version 237
[    1.311256] e1000: Intel(R) PRO/1000 Network Driver - version 7.3.21-k8-NAPI
[    1.312805] e1000: Copyright (c) 1999-2006 Intel Corporation.
[    1.316625] Fusion MPT base driver 3.04.20
[    1.317535] Copyright (c) 1999-2008 LSI Corporation
[    1.345534] AVX2 version of gcm_enc/dec engaged.
[    1.346603] AES CTR mode by8 optimization enabled
[    1.353089] Fusion MPT SPI Host driver 3.04.20
[    1.532434] input: ImExPS/2 Generic Explorer Mouse as /devices/platform/i8042/serio1/input/input4
[    1.768094] e1000 0000:00:03.0 eth0: (PCI:33MHz:32-bit) 02:79:d1:66:99:96
[    1.769737] e1000 0000:00:03.0 eth0: Intel(R) PRO/1000 Network Connection
[    1.772735] mptbase: ioc0: Initiating bringup
[    1.773597] e1000 0000:00:03.0 enp0s3: renamed from eth0
[    2.366246] ioc0: LSI53C1030 A0: Capabilities={Initiator}
[    4.765820] scsi host2: ioc0: LSI53C1030 A0, FwRev=00000000h, Ports=1, MaxQ=256, IRQ=20
[    6.374561] scsi 2:0:0:0: Direct-Access     VBOX     HARDDISK         1.0  PQ: 0 ANSI: 5
[    6.778616] scsi target2:0:0: Beginning Domain Validation
[    6.786456] scsi target2:0:0: Domain Validation skipping write tests
[    6.790322] scsi target2:0:0: Ending Domain Validation
[    6.794474] scsi target2:0:0: asynchronous
[    6.799027] scsi 2:0:1:0: Direct-Access     VBOX     HARDDISK         1.0  PQ: 0 ANSI: 5
[    7.766685] scsi target2:0:1: Beginning Domain Validation
[    7.773710] random: fast init done
[    7.777262] scsi target2:0:1: Domain Validation skipping write tests
[    7.782595] scsi target2:0:1: Ending Domain Validation
[    7.786733] scsi target2:0:1: asynchronous
[    7.805388] random: systemd-udevd: uninitialized urandom read (16 bytes read)
[    7.810986] random: systemd-udevd: uninitialized urandom read (16 bytes read)
[    7.811114] sd 2:0:0:0: Attached scsi generic sg0 type 0
[    7.816881] random: systemd-udevd: uninitialized urandom read (16 bytes read)
[    7.827888] sd 2:0:0:0: [sda] 83886080 512-byte logical blocks: (42.9 GB/40.0 GiB)
[    7.834670] sd 2:0:0:0: [sda] Write Protect is off
[    7.834842] sd 2:0:1:0: Attached scsi generic sg1 type 0
[    7.840746] sd 2:0:1:0: [sdb] 20480 512-byte logical blocks: (10.5 MB/10.0 MiB)
[    7.840812] sd 2:0:0:0: [sda] Incomplete mode parameter data
[    7.849267] sd 2:0:0:0: [sda] Assuming drive cache: write through
[    7.852215] sd 2:0:1:0: [sdb] Write Protect is off
[    7.855293] sd 2:0:1:0: [sdb] Incomplete mode parameter data
[    7.857673] sd 2:0:1:0: [sdb] Assuming drive cache: write through
[    7.876349]  sda: sda1
[    7.879194] sd 2:0:0:0: [sda] Attached SCSI disk
[    7.897398] sd 2:0:1:0: [sdb] Attached SCSI disk
Begin: Loading essential drivers ... [    9.540101] raid6: sse2x1   gen()  8618 MB/s
[    9.588079] raid6: sse2x1   xor()  6421 MB/s
[    9.636051] raid6: sse2x2   gen() 10172 MB/s
[    9.684063] raid6: sse2x2   xor()  6329 MB/s
[    9.732062] raid6: sse2x4   gen() 11749 MB/s
[    9.780163] raid6: sse2x4   xor()  5366 MB/s
[    9.828094] raid6: avx2x1   gen() 12009 MB/s
[    9.876063] raid6: avx2x1   xor()  9059 MB/s
[    9.924064] raid6: avx2x2   gen() 20298 MB/s
[    9.972075] raid6: avx2x2   xor() 11591 MB/s
[   10.020066] raid6: avx2x4   gen() 20115 MB/s
[   10.068068] raid6: avx2x4   xor() 13980 MB/s
[   10.069148] raid6: using algorithm avx2x2 gen() 20298 MB/s
[   10.070374] raid6: .... xor() 11591 MB/s, rmw enabled
[   10.071467] raid6: using avx2x2 recovery algorithm
[   10.074653] xor: automatically using best checksumming function   avx       
[   10.077792] async_tx: api initialized (async)
done.
Begin: Running /scripts/init-premount ... done.
Begin: Mounting root file system ... Begin: Running /scripts/local-top ... done.
Begin: Running /scripts/local-premount ... [   10.131234] Btrfs loaded, crc32c=crc32c-intel
Scanning for Btrfs filesystems
done.
Warning: fsck not present, so skipping root file system
[   10.319455] EXT4-fs (sda1): mounted filesystem with ordered data mode. Opts: (null)
done.
Begin: Running /scripts/local-bottom ... done.
Begin: Running /scripts/init-bottom ... done.
[   12.181864] random: crng init done
[   12.183931] random: 7 urandom warning(s) missed due to ratelimiting
[   12.410017] ip_tables: (C) 2000-2006 Netfilter Core Team
[   12.778028] systemd[1]: systemd 237 running in system mode. (+PAM +AUDIT +SELINUX +IMA +APPARMOR +SMACK +SYSVINIT +UTMP +LIBCRYPTSETUP +GCRYPT +GNUTLS +ACL +XZ +LZ4 +SECCOMP +BLKID +ELFUTILS +KMOD -IDN2 +IDN -PCRE2 default-hierarchy=hybrid)
[   12.793705] systemd[1]: Detected virtualization oracle.
[   12.798776] systemd[1]: Detected architecture x86-64.

Welcome to [1mUbuntu 18.04.5 LTS[0m!

[   12.945780] systemd[1]: Set hostname to <ubuntu>.
[   13.053392] systemd[1]: Initializing machine ID from random generator.
[   13.058145] systemd[1]: Installed transient /etc/machine-id file.
[   16.285846] systemd[1]: Created slice User and Session Slice.
[[0;32m  OK  [0m] Created slice User and Session Slice.
[   16.291154] systemd[1]: Reached target User and Group Name Lookups.
[[0;32m  OK  [0m] Reached target User and Group Name Lookups.
[   16.296384] systemd[1]: Started Forward Password Requests to Wall Directory Watch.
[[0;32m  OK  [0m] Started Forward Password Requests to Wall Directory Watch.
[   16.303026] systemd[1]: Set up automount Arbitrary Executable File Formats File System Automount Point.
[[0;32m  OK  [0m] Set up automount Arbitrary Executabâ€¦rmats File System Automount Point.
[[0;32m  OK  [0m] Created slice System Slice.
[[0;32m  OK  [0m] Listening on Device-mapper event daemon FIFOs.
[[0;32m  OK  [0m] Listening on fsck to fsckd communication Socket.
[[0;32m  OK  [0m] Listening on Syslog Socket.
[[0;32m  OK  [0m] Listening on LVM2 poll daemon socket.
[[0;32m  OK  [0m] Reached target Slices.
[[0;32m  OK  [0m] Listening on /dev/initctl Compatibility Named Pipe.
[[0;32m  OK  [0m] Listening on udev Kernel Socket.
[[0;32m  OK  [0m] Listening on Journal Socket.
         Mounting Kernel Debug File System...
         Starting Create list of required stâ€¦ce nodes for the current kernel...
[[0;32m  OK  [0m] Created slice system-serial\x2dgetty.slice.
         Starting Set the console keyboard layout...
[[0;32m  OK  [0m] Listening on Network Service Netlink Socket.
         Starting File System Check on Root Device...
         Mounting POSIX Message Queue File System...
[[0;32m  OK  [0m] Listening on LVM2 metadata daemon socket.
[[0;32m  OK  [0m] Reached target System Time Synchronized.
[[0;32m  OK  [0m] Reached target Swap.
[[0;32m  OK  [0m] Listening on Journal Socket (/dev/log).
         Mounting Huge Pages File System...
         Starting Load Kernel Modules...
         Starting Uncomplicated firewall...
[[0;32m  OK  [0m] Listening on udev Control Socket.
         Starting udev Coldplug all Devices...
[   17.393264] Loading iSCSI transport class v2.0-870.
         Starting Monitoring of LVM2 mirrorsâ€¦ng dmeventd or progress polling...
[[0;32m  OK  [0m] Listening on Journal Audit Socket.
         Starting Journal Service...
[[0;32m  OK  [0m] Mounted Kernel Debug File System.
[[0;32m  OK  [0m] Started Create list of required staâ€¦vice nodes for the current kernel.
[[0;32m  OK  [0m] Mounted POSIX Message Queue File System.
[[0;32m  OK  [0m] Mounted Huge Pages File System.
[[0;32m  OK  [0m] Started Uncomplicated firewall.
[[0;32m  OK  [0m] Started File System Check Daemon to report status.
         Starting Create Static Device Nodes in /dev...
[   17.607732] iscsi: registered transport (tcp)
[   18.122280] systemd[1]: Started udev Coldplug all Devices.
[[0;32m  OK  [0m] Started udev Coldplug all Devices.
[   18.185065] systemd[1]: Started Journal Service.
[[0;32m  OK  [0m] Started Journal Service.
[[0;32m  OK  [0m] Started File System Check on Root Device.
         Starting Remount Root and Kernel File Systems...
[[0;32m  OK  [0m] Started Create Static Device Nodes in /dev.
[[0;32m  OK  [0m] Started Set the console keyboard layout.
[[0;32m  OK  [0m] Started LVM2 metadata daemon.
[   18.625411] EXT4-fs (sda1): re-mounted. Opts: (null)
[   18.632821] iscsi: registered transport (iser)
[[0;32m  OK  [0m] Started Remount Root and Kernel File Systems.
[[0;32m  OK  [0m] Started Load Kernel Modules.
         Mounting Kernel Configuration File System...
         Starting Apply Kernel Variables...
         Mounting FUSE Control File System...
         Starting Load/Save Random Seed...
         Starting udev Kernel Device Manager...
         Starting Flush Journal to Persistent Storage...
[[0;32m  OK  [0m] Mounted Kernel Configuration File System.
[[0;32m  OK  [0m] Mounted FUSE Control File System.
[[0;32m  OK  [0m] Started Monitoring of LVM2 mirrors,â€¦sing dmeventd or progress polling.
[[0;32m  OK  [0m] Reached target Local File Systems (Pre).
[[0;32m  OK  [0m] Reached target Local File Systems.
         Starting Set console font and keymap...
         Starting Commit a transient machine-id on disk...
         Starting Tell Plymouth To Write Out Runtime Data...
         Starting AppArmor initialization...
         Starting ebtables ruleset management...
[   18.935950] systemd-journald[411]: Received request to flush runtime journal from PID 1
[[0;32m  OK  [0m] Started Load/Save Random Seed.
[[0;32m  OK  [0m] Started Set console font and keymap.
[[0;32m  OK  [0m] Started Tell Plymouth To Write Out Runtime Data.
[[0;32m  OK  [0m] Started Apply Kernel Variables.
[[0;32m  OK  [0m] Started Flush Journal to Persistent Storage.
         Starting Create Volatile Files and Directories...
[[0;32m  OK  [0m] Started Commit a transient machine-id on disk.
[[0;32m  OK  [0m] Started Create Volatile Files and Directories.
         Starting Update UTMP about System Boot/Shutdown...
[[0;32m  OK  [0m] Started udev Kernel Device Manager.
[[0;32m  OK  [0m] Started Dispatch Password Requests to Console Directory Watch.
[[0;32m  OK  [0m] Reached target Local Encrypted Volumes.
[[0;32m  OK  [0m] Started Update UTMP about System Boot/Shutdown.
[[0;32m  OK  [0m] Started ebtables ruleset management.
[[0;32m  OK  [0m] Found device /dev/ttyS0.
[[0;32m  OK  [0m] Listening on Load/Save RF Kill Switch Status /dev/rfkill Watch.
[[0;32m  OK  [0m] Started AppArmor initialization.
         Starting Load AppArmor profiles managed internally by snapd...
         Starting Initial cloud-init job (pre-networking)...
[[0;32m  OK  [0m] Started Load AppArmor profiles managed internally by snapd.
[   29.691065] cloud-init[540]: Cloud-init v. 21.1-19-gbad84ad4-0ubuntu1~18.04.2 running 'init-local' at Sun, 16 May 2021 04:48:06 +0000. Up 28.61 seconds.
[[0;32m  OK  [0m] Started Initial cloud-init job (pre-networking).
[[0;32m  OK  [0m] Reached target Network (Pre).
         Starting Network Service...
[[0;32m  OK  [0m] Started Network Service.
         Starting Wait for Network to be Configured...
         Starting Network Name Resolution...
[[0;32m  OK  [0m] Started Network Name Resolution.
[[0;32m  OK  [0m] Reached target Network.
[[0;32m  OK  [0m] Reached target Host and Network Name Lookups.
[[0;32m  OK  [0m] Started Wait for Network to be Configured.
         Starting Initial cloud-init job (metadata service crawler)...
[   32.634613] cloud-init[654]: Cloud-init v. 21.1-19-gbad84ad4-0ubuntu1~18.04.2 running 'init' at Sun, 16 May 2021 04:48:10 +0000. Up 32.38 seconds.
[   32.637000] cloud-init[654]: ci-info: ++++++++++++++++++++++++++++++++++++++Net device info++++++++++++++++++++++++++++++++++++++
[   32.638885] cloud-init[654]: ci-info: +--------+------+----------------------------+---------------+--------+-------------------+
[   32.640871] cloud-init[654]: ci-info: | Device |  Up  |          Address           |      Mask     | Scope  |     Hw-Address    |
[   32.642849] cloud-init[654]: ci-info: +--------+------+----------------------------+---------------+--------+-------------------+
[   32.644797] cloud-init[654]: ci-info: | enp0s3 | True |         10.0.2.15          | 255.255.255.0 | global | 02:79:d1:66:99:96 |
[   32.646636] cloud-init[654]: ci-info: | enp0s3 | True | fe80::79:d1ff:fe66:9996/64 |       .       |  link  | 02:79:d1:66:99:96 |
[   32.648438] cloud-init[654]: ci-info: |   lo   | True |         127.0.0.1          |   255.0.0.0   |  host  |         .         |
[   32.650188] cloud-init[654]: ci-info: |   lo   | True |          ::1/128           |       .       |  host  |         .         |
[   32.652093] cloud-init[654]: ci-info: +--------+------+----------------------------+---------------+--------+-------------------+
[   32.654319] cloud-init[654]: ci-info: ++++++++++++++++++++++++++++Route IPv4 info+++++++++++++++++++++++++++++
[   32.656261] cloud-init[654]: ci-info: +-------+-------------+----------+-----------------+-----------+-------+
[   32.658116] cloud-init[654]: ci-info: | Route | Destination | Gateway  |     Genmask     | Interface | Flags |
[   32.660179] cloud-init[654]: ci-info: +-------+-------------+----------+-----------------+-----------+-------+
[   32.661897] cloud-init[654]: ci-info: |   0   |   0.0.0.0   | 10.0.2.2 |     0.0.0.0     |   enp0s3  |   UG  |
[   32.673340] cloud-init[654]: ci-info: |   1   |   10.0.2.0  | 0.0.0.0  |  255.255.255.0  |   enp0s3  |   U   |
[   32.677798] cloud-init[654]: ci-info: |   2   |   10.0.2.2  | 0.0.0.0  | 255.255.255.255 |   enp0s3  |   UH  |
[   32.682219] cloud-init[654]: ci-info: +-------+-------------+----------+-----------------+-----------+-------+
[   32.687069] cloud-init[654]: ci-info: +++++++++++++++++++Route IPv6 info+++++++++++++++++++
[   32.691669] cloud-init[654]: ci-info: +-------+-------------+---------+-----------+-------+
[   32.696468] cloud-init[654]: ci-info: | Route | Destination | Gateway | Interface | Flags |
[   32.701577] cloud-init[654]: ci-info: +-------+-------------+---------+-----------+-------+
[   32.706447] cloud-init[654]: ci-info: |   1   |  fe80::/64  |    ::   |   enp0s3  |   U   |
[   32.711217] cloud-init[654]: ci-info: |   3   |    local    |    ::   |   enp0s3  |   U   |
[   32.716928] cloud-init[654]: ci-info: |   4   |   ff00::/8  |    ::   |   enp0s3  |   U   |
[   32.721932] cloud-init[654]: ci-info: +-------+-------------+---------+-----------+-------+
[   35.916836] cloud-init[654]: Generating public/private rsa key pair.
[   35.918364] cloud-init[654]: Your identification has been saved in /etc/ssh/ssh_host_rsa_key.
[   35.921052] cloud-init[654]: Your public key has been saved in /etc/ssh/ssh_host_rsa_key.pub.
[   35.922954] cloud-init[654]: The key fingerprint is:
[   35.924197] cloud-init[654]: SHA256:ZEF0R1JZ+xJNUgsoaHU0eNTXmgocWWRDCMuczJFakP4 root@ubuntu-bionic
[   35.925899] cloud-init[654]: The key's randomart image is:
[   35.927100] cloud-init[654]: +---[RSA 2048]----+
[   35.928266] cloud-init[654]: |      .=O+*&%+o.+|
[   35.929358] cloud-init[654]: |      .BoO=*oo.*o|
[   35.930485] cloud-init[654]: |     ..oX.o.  ++.|
[   35.931591] cloud-init[654]: |      oo  o   oo |
[   35.932743] cloud-init[654]: |       .S  . .. .|
[   35.933811] cloud-init[654]: |        E   .  . |
[   35.934901] cloud-init[654]: |                 |
[   35.936068] cloud-init[654]: |                 |
[   35.937281] cloud-init[654]: |                 |
[   35.938976] cloud-init[654]: +----[SHA256]-----+
[   35.940207] cloud-init[654]: Generating public/private dsa key pair.
[   35.941742] cloud-init[654]: Your identification has been saved in /etc/ssh/ssh_host_dsa_key.
[   35.943567] cloud-init[654]: Your public key has been saved in /etc/ssh/ssh_host_dsa_key.pub.
[   35.945496] cloud-init[654]: The key fingerprint is:
[   35.956359] cloud-init[654]: SHA256:hSXM/PGFjpXb2a60AAuE6+irVkQdEw4gVDpAjQAjYr0 root@ubuntu-bionic
[   35.959120] cloud-init[654]: The key's randomart image is:
[   35.960509] cloud-init[654]: +---[DSA 1024]----+
[   35.961655] cloud-init[654]: |&+*o..+B. .  o   |
[   35.962804] cloud-init[654]: |=+.o.oo.=+. + .  |
[   35.963958] cloud-init[654]: | o .. .o...* + o |
[   35.965217] cloud-init[654]: |  .E. . ..+ + o .|
[   35.966365] cloud-init[654]: |   . o  S. o   . |
[   35.967444] cloud-init[654]: |    o .   . . . .|
[   35.968627] cloud-init[654]: |   o         o o |
[   35.970048] cloud-init[654]: |  . .         o  |
[   35.984357] cloud-init[654]: | .....           |
[   35.985519] cloud-init[654]: +----[SHA256]-----+
[   35.987466] cloud-init[654]: Generating public/private ecdsa key pair.
[   35.989072] cloud-init[654]: Your identification has been saved in /etc/ssh/ssh_host_ecdsa_key.
[   36.004401] cloud-init[654]: Your public key has been saved in /etc/ssh/ssh_host_ecdsa_key.pub.
[   36.007121] cloud-init[654]: The key fingerprint is:[[0;32m  OK  [0m] Started Initial cloud-init job (metadata service crawler).
[[0;32m  OK  [0m] Reached target Cloud-config availability.
[[0;32m  OK  [0m] Reached target Network is Online.

[   36.011073] cloud-init[654]: SHA256:WK3zYr/33VJrVyCe+6MXq7UxoN5Y20MiUwDjmpeMdxY root@ubuntu-bionic
[   36.012796] cloud-init[654]: The key's randomart image is:
[   36.013835] cloud-init[654]: +---[ECDSA 256]---+
[   36.014764] cloud-init[654]: |        o.       |
[   36.015691] cloud-init[654]: |       . o.      |
         Starting Availability of block devices...
[[0;32m  OK  [0m] Reached target Remote File Systems (Pre).
[[0;32m  OK  [0m] Reached target Remote File Systems.
[[0;32m  OK  [0m] Reached target System Initialization.
[[0;32m  OK  [0m] Listening on Open-iSCSI iscsid Socket.
[[0;32m  OK  [0m] Started Daily apt download activities.
[[0;32m  OK  [0m] Started Ubuntu Advantage update messaging.
[[0;32m  OK  [0m] Listening on D-Bus System Message Bus Socket.
[[0;32m  OK  [0m] Started Discard unused blocks once a week.
[[0;32m  OK  [0m] Started Message of the Day.
         Starting Socket activation for snappy daemon.
[   36.018031] cloud-init[654]: |        o E.     |
[   36.032587] cloud-init[654]: |       B o .o .  |
[   36.033559] cloud-init[654]: |      = S oo.o . |
[   36.034543] cloud-init[654]: |       o =o.+.o o|
[   36.035395] cloud-init[654]: |        o oo.+++o|
[   36.036827] cloud-init[654]: |       . + +o+*Bo|
[   36.039010] cloud-init[654]: |          =o=**++|
[   36.039926] cloud-init[654]: +----[SHA256]-----+
[   36.040853] cloud-init[654]: Generating public/private ed25519 key pair.
[   36.042138] cloud-init[654]: Your identification has been saved in /etc/ssh/ssh_host_ed25519_key.
[   36.043893] cloud-init[654]: Your public key has been saved in /etc/ssh/ssh_host_ed25519_key.pub.
[   36.045620] cloud-init[654]: The key fingerprint is:
[   36.046606] cloud-init[654]: SHA256:Mjva75QqSYam0jmdyW03E5By1uFrUe9xnQ9NMPqcN9g root@ubuntu-bionic
[   36.048237] cloud-init[654]: The key's randomart image is:
[   36.049343] cloud-init[654]: +--[ED25519 256]--+
[   36.050304] cloud-init[654]: |              o. |
[   36.051216] cloud-init[654]: |        . .  . ..|
[   36.052193] cloud-init[654]: |       + o ..  +.|
[   36.053118] cloud-init[654]: |    . = +   oo=oo|
[   36.054035] cloud-init[654]: |   . +o.So . ++Eo|
[   36.055454] cloud-init         Starting LXD - unix socket.
[[0;32m  OK  [0m] Listening on UUID daemon activation socket.
[[0;32m  OK  [0m] Started Daily Cleanup of Temporary Directories.
[654]: |  o o  ++.  .  .o|
[   36.059927] cloud-init[654]: | + * =o.o.       |
[   36.061105] cloud-init[654]: |o + Boo++        |
[   36.064239] cloud-init[654]: |.  ..oo+oo       |
[   36.065591] cloud-init[654]: +----[SHA256]-----+
[[0;32m  OK  [0m] Started ACPI Events Check.
[[0;32m  OK  [0m] Reached target Paths.
[[0;32m  OK  [0m] Started Daily apt upgrade and clean activities.
[[0;32m  OK  [0m] Reached target Timers.
[[0;32m  OK  [0m] Listening on ACPID Listen Socket.
[[0;32m  OK  [0m] Listening on Socket activation for snappy daemon.
[[0;32m  OK  [0m] Listening on LXD - unix socket.
[[0;32m  OK  [0m] Reached target Sockets.
[[0;32m  OK  [0m] Reached target Basic System.
[[0;32m  OK  [0m] Started Regular background program processing daemon.
[[0;32m  OK  [0m] Started irqbalance daemon.
[[0;32m  OK  [0m] Started Deferred execution scheduler.
[[0;32m  OK  [0m] Started D-Bus System Message Bus.
         Starting Pollinate to seed the pseudo random number generator...
         Starting Permit User Sessions...
         Starting Accounts Service...
[[0;32m  OK  [0m] Started FUSE filesystem for LXC.
         Starting Virtualbox guest utils...
         Starting LXD - container startup/shutdown...
         Starting LSB: automatic crash report generation...
         Starting Login Service...
         Starting System Logging Service...
         Starting Dispatcher daemon for systemd-networkd...
         Starting LSB: Record successful boot for GRUB...
         Starting Snap Daemon...
[[0;32m  OK  [0m] Started Availability of block devices.
[[0;32m  OK  [0m] Started Permit User Sessions.
[[0;32m  OK  [0m] Started Login Service.
[[0;32m  OK  [0m] Started Unattended Upgrades Shutdown.
         Starting Terminate Plymouth Boot Screen...
         Starting Hold until boot process finishes up...
[[0;32m  OK  [0m] Started Hold until boot process finishes up.
[[0;32m  OK  [0m] Started Serial Getty on ttyS0.
         Starting Set console scheme...
[[0;32m  OK  [0m] Started Terminate Plymouth Boot Screen.
[[0;32m  OK  [0m] Started Set console scheme.
[[0;32m  OK  [0m] Created slice system-getty.slice.
[[0;32m  OK  [0m] Started Getty on tty1.
[[0;32m  OK  [0m] Reached target Login Prompts.
[[0;32m  OK  [0m] Started LSB: automatic crash report generation.
[[0;32m  OK  [0m] Started System Logging Service.
[[0;32m  OK  [0m] Started LSB: Record successful boot for GRUB.
         Starting Authorization Manager...
[[0;32m  OK  [0m] Started Virtualbox guest utils.
[[0;32m  OK  [0m] Started Authorization Manager.
[[0;32m  OK  [0m] Started Accounts Service.

Ubuntu 18.04.5 LTS ubuntu-bionic ttyS0

ubuntu-bionic login: [   52.626931] cloud-init[1359]: Cloud-init v. 21.1-19-gbad84ad4-0ubuntu1~18.04.2 running 'modules:config' at Sun, 16 May 2021 04:48:27 +0000. Up 50.03 seconds.
ci-info: no authorized SSH keys fingerprints found for user ubuntu.
<14>May 16 04:48:31 ec2: 
<14>May 16 04:48:31 ec2: #############################################################
<14>May 16 04:48:31 ec2: -----BEGIN SSH HOST KEY FINGERPRINTS-----
<14>May 16 04:48:31 ec2: 1024 SHA256:hSXM/PGFjpXb2a60AAuE6+irVkQdEw4gVDpAjQAjYr0 root@ubuntu-bionic (DSA)
<14>May 16 04:48:31 ec2: 256 SHA256:WK3zYr/33VJrVyCe+6MXq7UxoN5Y20MiUwDjmpeMdxY root@ubuntu-bionic (ECDSA)
<14>May 16 04:48:31 ec2: 256 SHA256:Mjva75QqSYam0jmdyW03E5By1uFrUe9xnQ9NMPqcN9g root@ubuntu-bionic (ED25519)
<14>May 16 04:48:31 ec2: 2048 SHA256:ZEF0R1JZ+xJNUgsoaHU0eNTXmgocWWRDCMuczJFakP4 root@ubuntu-bionic (RSA)
<14>May 16 04:48:31 ec2: -----END SSH HOST KEY FINGERPRINTS-----
<14>May 16 04:48:31 ec2: #############################################################
-----BEGIN SSH HOST KEY KEYS-----
ecdsa-sha2-nistp256 AAAAE2VjZHNhLXNoYTItbmlzdHAyNTYAAAAIbmlzdHAyNTYAAABBBGPrFY0d2GWBA+Dv+lRKbFY9544rvROuyCh/zhnbjgrT+QVsfAKoV54Mfroowy3xrharOa7/T1ODdtNuuQfVdo4= root@ubuntu-bionic
ssh-ed25519 AAAAC3NzaC1lZDI1NTE5AAAAIL+GNATG34+QJC31Ij69b7FFQQI7RHUn413G0qy1S68p root@ubuntu-bionic
ssh-rsa AAAAB3NzaC1yc2EAAAADAQABAAABAQDbEo3RFC222swThIkveAPcknKOZ/apprSLEGNMwrAwo/EWxt/9rUJekTfavUa1AJcz8DUhWmxb2L+2HGwVb608X4RAKhgNolfDtSbvTbJ3hml5T7NLnOcI5XHV5se2S0RUhEaQVm3EtgKBksOlhcE2jCUP1nA0bAc1x5srwQajyZuM/qjvgmWNIt7j8xWNQ6BD2yrCePFFITgjTWLzn1bE+IY6u0nrQY3Unmsu5TRGr/9vTLO6ILUTCUf/debEblfWevENuYnnboKAp9Kf/OjUwq05x5EZ/K1jkCj8i04FEwD4vkLefBILz5KQcjWDwe0a7cPL2omB7yGkF+sB0BKN root@ubuntu-bionic
-----END SSH HOST KEY KEYS-----
[   53.655008] cloud-init[1548]: Cloud-init v. 21.1-19-gbad84ad4-0ubuntu1~18.04.2 running 'modules:final' at Sun, 16 May 2021 04:48:30 +0000. Up 53.23 seconds.
[   53.655145] cloud-init[1548]: ci-info: no authorized SSH keys fingerprints found for user ubuntu.
[   53.656701] cloud-init[1548]: Cloud-init v. 21.1-19-gbad84ad4-0ubuntu1~18.04.2 finished at Sun, 16 May 2021 04:48:31 +0000. Datasource DataSourceNoCloud [seed=/dev/sdb][dsmode=net].  Up 53.63 seconds
